git clone URL
git clone https://github.com/enzo-delcoati/test2.git

git status <--- ztells  difference with main repository from local.

git add filename

git commit "My changes did the following things..... " filename

git push

git pull

NOTE THAT git status/add/commit/push/pull only work from within the directory of the project...


 






PS D:\GitHub> cd test2
PS D:\GitHub\test2> git status
On branch main
Your branch is up to date with 'origin/main'.

Untracked files:
  (use "git add <file>..." to include in what will be committed)
        command line.txt

nothing added to commit but untracked files present (use "git add" to track)
PS D:\GitHub\test2> ls


    Directory: D:\GitHub\test2


Mode                 LastWriteTime         Length Name
----                 -------------         ------ ----
-a----         8/19/2021   9:38 AM             69 command line.txt
-a----         8/19/2021   9:36 AM              7 README.md


PS D:\GitHub\test2> git add '.\command line.txt'
PS D:\GitHub\test2> git status
On branch main
Your branch is up to date with 'origin/main'.

Changes to be committed:
  (use "git restore --staged <file>..." to unstage)
        new file:   command line.txt
		
		







>>>>>>>>>>>>>>>>>>>>>>>>>>>>>>>>>>>>>>>>>>>>>>>>>>>>>>


